// Jest Snapshot v1, https://goo.gl/fbAQLP

exports[`should render Content correctly 1`] = `
<div
  className="container"
>
  <Entry
    calc={[Function]}
  />
  <Output
    withPlan=""
    withoutPlan=""
  />
</div>
`;
