// Jest Snapshot v1, https://goo.gl/fbAQLP

exports[`should render Navbar correctly 1`] = `
<div
  className="menu"
>
  <ul>
    <li>
      Telzir
    </li>
  </ul>
</div>
`;
